Archive member included to satisfy reference by file (symbol)

c:/armtc/armgcc/bin/../lib/gcc/arm-none-eabi/5.2.1/../../../../arm-none-eabi/lib/armv7-m\libg_nano.a(lib_a-errno.o)
                              ./system/src/newlib/_sbrk.o (__errno)
c:/armtc/armgcc/bin/../lib/gcc/arm-none-eabi/5.2.1/../../../../arm-none-eabi/lib/armv7-m\libg_nano.a(lib_a-impure.o)
                              c:/armtc/armgcc/bin/../lib/gcc/arm-none-eabi/5.2.1/../../../../arm-none-eabi/lib/armv7-m\libg_nano.a(lib_a-errno.o) (_impure_ptr)
c:/armtc/armgcc/bin/../lib/gcc/arm-none-eabi/5.2.1/../../../../arm-none-eabi/lib/armv7-m\libg_nano.a(lib_a-sprintf.o)
                              ./src/main.o (sprintf)
c:/armtc/armgcc/bin/../lib/gcc/arm-none-eabi/5.2.1/../../../../arm-none-eabi/lib/armv7-m\libg_nano.a(lib_a-strlen.o)
                              ./system/src/diag/Trace.o (strlen)
c:/armtc/armgcc/bin/../lib/gcc/arm-none-eabi/5.2.1/../../../../arm-none-eabi/lib/armv7-m\libg_nano.a(lib_a-strtok_r.o)
                              ./src/main.o (strtok_r)
c:/armtc/armgcc/bin/../lib/gcc/arm-none-eabi/5.2.1/../../../../arm-none-eabi/lib/armv7-m\libg_nano.a(lib_a-vsnprintf.o)
                              ./system/src/diag/Trace.o (vsnprintf)
c:/armtc/armgcc/bin/../lib/gcc/arm-none-eabi/5.2.1/../../../../arm-none-eabi/lib/armv7-m\libg_nano.a(lib_a-nano-svfprintf.o)
                              c:/armtc/armgcc/bin/../lib/gcc/arm-none-eabi/5.2.1/../../../../arm-none-eabi/lib/armv7-m\libg_nano.a(lib_a-sprintf.o) (_svfprintf_r)
c:/armtc/armgcc/bin/../lib/gcc/arm-none-eabi/5.2.1/../../../../arm-none-eabi/lib/armv7-m\libg_nano.a(lib_a-nano-vfprintf_i.o)
                              c:/armtc/armgcc/bin/../lib/gcc/arm-none-eabi/5.2.1/../../../../arm-none-eabi/lib/armv7-m\libg_nano.a(lib_a-nano-svfprintf.o) (_printf_i)
c:/armtc/armgcc/bin/../lib/gcc/arm-none-eabi/5.2.1/../../../../arm-none-eabi/lib/armv7-m\libg_nano.a(lib_a-memchr-stub.o)
                              c:/armtc/armgcc/bin/../lib/gcc/arm-none-eabi/5.2.1/../../../../arm-none-eabi/lib/armv7-m\libg_nano.a(lib_a-nano-svfprintf.o) (memchr)
c:/armtc/armgcc/bin/../lib/gcc/arm-none-eabi/5.2.1/../../../../arm-none-eabi/lib/armv7-m\libg_nano.a(lib_a-memcpy-stub.o)
                              c:/armtc/armgcc/bin/../lib/gcc/arm-none-eabi/5.2.1/../../../../arm-none-eabi/lib/armv7-m\libg_nano.a(lib_a-nano-svfprintf.o) (memcpy)
c:/armtc/armgcc/bin/../lib/gcc/arm-none-eabi/5.2.1/../../../../arm-none-eabi/lib/armv7-m\libg_nano.a(lib_a-memmove.o)
                              c:/armtc/armgcc/bin/../lib/gcc/arm-none-eabi/5.2.1/../../../../arm-none-eabi/lib/armv7-m\libg_nano.a(lib_a-nano-svfprintf.o) (memmove)
c:/armtc/armgcc/bin/../lib/gcc/arm-none-eabi/5.2.1/../../../../arm-none-eabi/lib/armv7-m\libg_nano.a(lib_a-nano-freer.o)
                              c:/armtc/armgcc/bin/../lib/gcc/arm-none-eabi/5.2.1/../../../../arm-none-eabi/lib/armv7-m\libg_nano.a(lib_a-nano-svfprintf.o) (_free_r)
c:/armtc/armgcc/bin/../lib/gcc/arm-none-eabi/5.2.1/../../../../arm-none-eabi/lib/armv7-m\libg_nano.a(lib_a-nano-mallocr.o)
                              c:/armtc/armgcc/bin/../lib/gcc/arm-none-eabi/5.2.1/../../../../arm-none-eabi/lib/armv7-m\libg_nano.a(lib_a-nano-svfprintf.o) (_malloc_r)
c:/armtc/armgcc/bin/../lib/gcc/arm-none-eabi/5.2.1/../../../../arm-none-eabi/lib/armv7-m\libg_nano.a(lib_a-nano-reallocr.o)
                              c:/armtc/armgcc/bin/../lib/gcc/arm-none-eabi/5.2.1/../../../../arm-none-eabi/lib/armv7-m\libg_nano.a(lib_a-nano-svfprintf.o) (_realloc_r)
c:/armtc/armgcc/bin/../lib/gcc/arm-none-eabi/5.2.1/../../../../arm-none-eabi/lib/armv7-m\libg_nano.a(lib_a-sbrkr.o)
                              c:/armtc/armgcc/bin/../lib/gcc/arm-none-eabi/5.2.1/../../../../arm-none-eabi/lib/armv7-m\libg_nano.a(lib_a-nano-mallocr.o) (_sbrk_r)
c:/armtc/armgcc/bin/../lib/gcc/arm-none-eabi/5.2.1/../../../../arm-none-eabi/lib/armv7-m\libg_nano.a(lib_a-nano-msizer.o)
                              c:/armtc/armgcc/bin/../lib/gcc/arm-none-eabi/5.2.1/../../../../arm-none-eabi/lib/armv7-m\libg_nano.a(lib_a-nano-reallocr.o) (_malloc_usable_size_r)

Allocating common symbols
Common symbol       size              file

inParse             0x190             ./src/main.o
licznik_2           0x2               ./src/main.o
flaga_stop          0x1               ./src/main.o
dane_adc            0x4               ./src/main.o
errno               0x4               ./system/src/newlib/_syscalls.o
pomiar_ostatni_1    0x2               ./src/main.o
dane2               0xbb8             ./src/main.o
configregister      0x2               ./src/main.o
licznik_1           0x2               ./src/main.o
pFlash              0x20              ./system/src/stm32f1xx/stm32f1xx_hal_flash.o
inData              0x64              ./src/main.o
voltage             0x2               ./src/main.o
temp1               0x4               ./src/main.o
dane_z_ads          0x2               ./src/main.o
[...]
Memory Configuration

Name             Origin             Length             Attributes
RAM              0x20000000         0x00010000         xrw
CCMRAM           0x00000000         0x00000000         xrw
FLASH            0x08000000         0x00020000         xr
FLASHB1          0x00000000         0x00000000         xr
EXTMEMB0         0x00000000         0x00000000         xr
EXTMEMB1         0x00000000         0x00000000         xr
EXTMEMB2         0x00000000         0x00000000         xr
EXTMEMB3         0x00000000         0x00000000         xr
MEMORY_ARRAY     0x00000000         0x00000000         xrw
*default*        0x00000000         0xffffffff

Linker script and memory map

LOAD ./system/src/stm32f1xx/stm32f1xx_hal.o
LOAD ./system/src/stm32f1xx/stm32f1xx_hal_cortex.o
LOAD ./system/src/stm32f1xx/stm32f1xx_hal_dma.o
LOAD ./system/src/stm32f1xx/stm32f1xx_hal_flash.o
LOAD ./system/src/stm32f1xx/stm32f1xx_hal_flash_ex.o
LOAD ./system/src/stm32f1xx/stm32f1xx_hal_gpio.o
LOAD ./system/src/stm32f1xx/stm32f1xx_hal_gpio_ex.o
LOAD ./system/src/stm32f1xx/stm32f1xx_hal_i2c.o
LOAD ./system/src/stm32f1xx/stm32f1xx_hal_pwr.o
LOAD ./system/src/stm32f1xx/stm32f1xx_hal_rcc.o
LOAD ./system/src/stm32f1xx/stm32f1xx_hal_rcc_ex.o
LOAD ./system/src/stm32f1xx/stm32f1xx_hal_tim.o
LOAD ./system/src/stm32f1xx/stm32f1xx_hal_tim_ex.o
LOAD ./system/src/stm32f1xx/stm32f1xx_hal_uart.o
LOAD ./system/src/newlib/_cxx.o
LOAD ./system/src/newlib/_exit.o
LOAD ./system/src/newlib/_sbrk.o
LOAD ./system/src/newlib/_startup.o
LOAD ./system/src/newlib/_syscalls.o
LOAD ./system/src/newlib/assert.o
LOAD ./system/src/diag/Trace.o
LOAD ./system/src/diag/trace_impl.o
LOAD ./system/src/cortexm/_initialize_hardware.o
LOAD ./system/src/cortexm/_reset_hardware.o
LOAD ./system/src/cortexm/exception_handlers.o
LOAD ./system/src/cmsis/startup_stm32f105xc.o
LOAD ./system/src/cmsis/system_stm32f1xx.o
LOAD ./src/I2C.o
LOAD ./src/main.o
LOAD ./src/sine_wave.o
LOAD ./src/stm32f1xx_hal_msp.o
LOAD ./src/stm32f1xx_it.o
LOAD c:/armtc/armgcc/bin/../lib/gcc/arm-none-eabi/5.2.1/../../../../arm-none-eabi/lib/armv7-m\libstdc++_nano.a
LOAD c:/armtc/armgcc/bin/../lib/gcc/arm-none-eabi/5.2.1/../../../../arm-none-eabi/lib/armv7-m\libm.a
START GROUP
LOAD c:/armtc/armgcc/bin/../lib/gcc/arm-none-eabi/5.2.1/armv7-m\libgcc.a
LOAD c:/armtc/armgcc/bin/../lib/gcc/arm-none-eabi/5.2.1/../../../../arm-none-eabi/lib/armv7-m\libg_nano.a
LOAD c:/armtc/armgcc/bin/../lib/gcc/arm-none-eabi/5.2.1/../../../../arm-none-eabi/lib/armv7-m\libc_nano.a
END GROUP
START GROUP
LOAD c:/armtc/armgcc/bin/../lib/gcc/arm-none-eabi/5.2.1/armv7-m\libgcc.a
LOAD c:/armtc/armgcc/bin/../lib/gcc/arm-none-eabi/5.2.1/../../../../arm-none-eabi/lib/armv7-m\libc_nano.a
END GROUP
                0x20010000                __stack = (ORIGIN (RAM) + LENGTH (RAM))
                0x20010000                _estack = __stack
                0x00000400                __Main_Stack_Size = 0x400
                [!provide]                PROVIDE (_Main_Stack_Size, __Main_Stack_Size)
                0x2000fc00                __Main_Stack_Limit = (__stack - __Main_Stack_Size)
                [!provide]                PROVIDE (_Main_Stack_Limit, __Main_Stack_Limit)
                0x00000100                _Minimum_Stack_Size = 0x100
                0x20001b94                PROVIDE (_Heap_Begin, _end_noinit)
                0x2000fc00                PROVIDE (_Heap_Limit, (__stack - __Main_Stack_Size))

.isr_vector     0x08000000      0x428
 FILL mask 0xff
                0x08000000                __vectors_start = ABSOLUTE (.)
                0x08000000                __vectors_start__ = ABSOLUTE (.)
 *(.isr_vector)
 .isr_vector    0x08000000      0x1e4 ./system/src/cmsis/startup_stm32f105xc.o
                0x08000000                g_pfnVectors
 *(.cfmconfig)
 *(.after_vectors .after_vectors.*)
 .after_vectors
                0x080001e4      0x114 ./system/src/newlib/_startup.o
                0x080001e4                _start
 .after_vectors
                0x080002f8      0x130 ./system/src/cortexm/exception_handlers.o
                0x080002f8                Reset_Handler
                0x08000318                HardFault_Handler_C
                0x08000390                BusFault_Handler_C
                0x080003d8                UsageFault_Handler_C

.inits          0x08000428       0x28
                0x08000428                __data_regions_array_start = .
                0x08000428        0x4 LONG 0x8002f0c LOADADDR (.data)
                0x0800042c        0x4 LONG 0x20000000 ADDR (.data)
                0x08000430        0x4 LONG 0x20000144 (ADDR (.data) + SIZEOF (.data))
                0x08000434        0x4 LONG 0x8002f0c LOADADDR (.data_CCMRAM)
                0x08000438        0x4 LONG 0x0 ADDR (.data_CCMRAM)
                0x0800043c        0x4 LONG 0x0 (ADDR (.data_CCMRAM) + SIZEOF (.data_CCMRAM))
                0x08000440                __data_regions_array_end = .
                0x08000440                __bss_regions_array_start = .
                0x08000440        0x4 LONG 0x20000144 ADDR (.bss)
                0x08000444        0x4 LONG 0x20001b94 (ADDR (.bss) + SIZEOF (.bss))
                0x08000448        0x4 LONG 0x0 ADDR (.bss_CCMRAM)
                0x0800044c        0x4 LONG 0x0 (ADDR (.bss_CCMRAM) + SIZEOF (.bss_CCMRAM))
                0x08000450                __bss_regions_array_end = .
 *(.init)
 *(.fini)
                0x08000450                . = ALIGN (0x4)
                0x08000450                PROVIDE (__preinit_array_start, .)
 *(.preinit_array_sysinit .preinit_array_sysinit.*)
 *(.preinit_array_platform .preinit_array_platform.*)
 *(.preinit_array .preinit_array.*)
                0x08000450                PROVIDE (__preinit_array_end, .)
                0x08000450                . = ALIGN (0x4)
                0x08000450                PROVIDE (__init_array_start, .)
 *(SORT(.init_array.*))
 *(.init_array)
                0x08000450                PROVIDE (__init_array_end, .)
                0x08000450                . = ALIGN (0x4)
                0x08000450                PROVIDE (__fini_array_start, .)
 *(SORT(.fini_array.*))
 *(.fini_array)
                0x08000450                PROVIDE (__fini_array_end, .)

.flashtext
 *(.flashtext .flashtext.*)

.text           0x08000450     0x2ab9
 *(.text .text.*)
 .text.HAL_InitTick
                0x08000450       0x28 ./system/src/stm32f1xx/stm32f1xx_hal.o
                0x08000450                HAL_InitTick
 .text.HAL_IncTick
                0x08000478       0x10 ./system/src/stm32f1xx/stm32f1xx_hal.o
                0x08000478                HAL_IncTick
 .text.HAL_GetTick
                0x08000488        0xc ./system/src/stm32f1xx/stm32f1xx_hal.o
                0x08000488                HAL_GetTick
 .text.HAL_Delay
                0x08000494       0x1c ./system/src/stm32f1xx/stm32f1xx_hal.o
                0x08000494                HAL_Delay
 .text.HAL_NVIC_SetPriority
                0x080004b0       0x84 ./system/src/stm32f1xx/stm32f1xx_hal_cortex.o
                0x080004b0                HAL_NVIC_SetPriority
 .text.HAL_SYSTICK_Config
                0x08000534       0x2c ./system/src/stm32f1xx/stm32f1xx_hal_cortex.o
                0x08000534                HAL_SYSTICK_Config
 .text.HAL_SYSTICK_CLKSourceConfig
                0x08000560       0x38 ./system/src/stm32f1xx/stm32f1xx_hal_cortex.o
                0x08000560                HAL_SYSTICK_CLKSourceConfig
 .text.HAL_SYSTICK_Callback
                0x08000598        0x4 ./system/src/stm32f1xx/stm32f1xx_hal_cortex.o
                0x08000598                HAL_SYSTICK_Callback
 .text.HAL_SYSTICK_IRQHandler
                0x0800059c        0x8 ./system/src/stm32f1xx/stm32f1xx_hal_cortex.o
                0x0800059c                HAL_SYSTICK_IRQHandler
 .text.HAL_RCC_OscConfig
                0x080005a4      0x928 ./system/src/stm32f1xx/stm32f1xx_hal_rcc.o
                0x080005a4                HAL_RCC_OscConfig
 .text.HAL_RCC_GetSysClockFreq
                0x08000ecc      0x100 ./system/src/stm32f1xx/stm32f1xx_hal_rcc.o
                0x08000ecc                HAL_RCC_GetSysClockFreq
 .text.HAL_RCC_ClockConfig
                0x08000fcc      0x2a4 ./system/src/stm32f1xx/stm32f1xx_hal_rcc.o
                0x08000fcc                HAL_RCC_ClockConfig
 .text.HAL_RCC_GetHCLKFreq
                0x08001270        0xc ./system/src/stm32f1xx/stm32f1xx_hal_rcc.o
                0x08001270                HAL_RCC_GetHCLKFreq
 .text._exit    0x0800127c        0x4 ./system/src/newlib/_exit.o
                0x0800127c                _exit
 .text.abort    0x08001280       0x14 ./system/src/newlib/_exit.o
                0x08001280                abort
 .text._sbrk    0x08001294       0x44 ./system/src/newlib/_sbrk.o
                0x08001294                _sbrk
 .text.__initialize_args
                0x080012d8       0x10 ./system/src/newlib/_syscalls.o
                0x080012d8                __initialize_args
 .text.assert_failed
                0x080012e8       0x14 ./system/src/newlib/assert.o
                0x080012e8                assert_failed
 .text.trace_printf
                0x080012fc       0x30 ./system/src/diag/Trace.o
                0x080012fc                trace_printf
 .text.trace_puts
                0x0800132c       0x20 ./system/src/diag/Trace.o
                0x0800132c                trace_puts
 .text._trace_write_semihosting_debug
                0x0800134c       0x64 ./system/src/diag/trace_impl.o
 .text.trace_write
                0x080013b0        0x8 ./system/src/diag/trace_impl.o
                0x080013b0                trace_write
 .text.__initialize_hardware_early
                0x080013b8       0x18 ./system/src/cortexm/_initialize_hardware.o
                0x080013b8                __initialize_hardware_early
 .text.__initialize_hardware
                0x080013d0        0x8 ./system/src/cortexm/_initialize_hardware.o
                0x080013d0                __initialize_hardware
 .text.dumpExceptionStack
                0x080013d8       0xf0 ./system/src/cortexm/exception_handlers.o
                0x080013d8                dumpExceptionStack
 .text.isSemihosting
                0x080014c8       0x20 ./system/src/cortexm/exception_handlers.o
                0x080014c8                isSemihosting
 .text.Default_Handler
                0x080014e8        0x2 ./system/src/cmsis/startup_stm32f105xc.o
                0x080014e8                RTC_Alarm_IRQHandler
                0x080014e8                EXTI2_IRQHandler
                0x080014e8                TIM1_CC_IRQHandler
                0x080014e8                TIM6_IRQHandler
                0x080014e8                PVD_IRQHandler
                0x080014e8                CAN2_RX1_IRQHandler
                0x080014e8                EXTI3_IRQHandler
                0x080014e8                EXTI0_IRQHandler
                0x080014e8                I2C2_EV_IRQHandler
                0x080014e8                CAN1_RX0_IRQHandler
                0x080014e8                CAN2_SCE_IRQHandler
                0x080014e8                ADC1_2_IRQHandler
                0x080014e8                SPI1_IRQHandler
                0x080014e8                TAMPER_IRQHandler
                0x080014e8                CAN2_RX0_IRQHandler
                0x080014e8                DMA2_Channel2_IRQHandler
                0x080014e8                DMA1_Channel4_IRQHandler
                0x080014e8                USART3_IRQHandler
                0x080014e8                RTC_IRQHandler
                0x080014e8                DMA1_Channel7_IRQHandler
                0x080014e8                CAN1_RX1_IRQHandler
                0x080014e8                UART5_IRQHandler
                0x080014e8                TIM4_IRQHandler
                0x080014e8                DMA2_Channel1_IRQHandler
                0x080014e8                I2C1_EV_IRQHandler
                0x080014e8                DMA1_Channel6_IRQHandler
                0x080014e8                UART4_IRQHandler
                0x080014e8                DMA2_Channel4_IRQHandler
                0x080014e8                TIM3_IRQHandler
                0x080014e8                RCC_IRQHandler
                0x080014e8                TIM1_TRG_COM_IRQHandler
                0x080014e8                DMA1_Channel1_IRQHandler
                0x080014e8                Default_Handler
                0x080014e8                EXTI15_10_IRQHandler
                0x080014e8                TIM7_IRQHandler
                0x080014e8                CAN2_TX_IRQHandler
                0x080014e8                TIM5_IRQHandler
                0x080014e8                EXTI9_5_IRQHandler
                0x080014e8                SPI2_IRQHandler
                0x080014e8                CAN1_TX_IRQHandler
                0x080014e8                DMA2_Channel5_IRQHandler
                0x080014e8                DMA1_Channel5_IRQHandler
                0x080014e8                EXTI4_IRQHandler
                0x080014e8                DMA1_Channel3_IRQHandler
                0x080014e8                TIM1_UP_IRQHandler
                0x080014e8                WWDG_IRQHandler
                0x080014e8                TIM2_IRQHandler
                0x080014e8                OTG_FS_WKUP_IRQHandler
                0x080014e8                TIM1_BRK_IRQHandler
                0x080014e8                EXTI1_IRQHandler
                0x080014e8                USART2_IRQHandler
                0x080014e8                I2C2_ER_IRQHandler
                0x080014e8                DMA1_Channel2_IRQHandler
                0x080014e8                CAN1_SCE_IRQHandler
                0x080014e8                FLASH_IRQHandler
                0x080014e8                OTG_FS_IRQHandler
                0x080014e8                SPI3_IRQHandler
                0x080014e8                I2C1_ER_IRQHandler
                0x080014e8                DMA2_Channel3_IRQHandler
 *fill*         0x080014ea        0x2 
 .text.SystemInit
                0x080014ec       0x58 ./system/src/cmsis/system_stm32f1xx.o
                0x080014ec                SystemInit
 .text.SystemCoreClockUpdate
                0x08001544       0xcc ./system/src/cmsis/system_stm32f1xx.o
                0x08001544                SystemCoreClockUpdate
 .text.I2Cx_WaitEvent
                0x08001610       0x30 ./src/I2C.o
                0x08001610                I2Cx_WaitEvent
 .text.I2Cx_WaitFlagSet
                0x08001640       0x2c ./src/I2C.o
                0x08001640                I2Cx_WaitFlagSet
 .text.I2Cx_WaitFlagReset
                0x0800166c       0x2c ./src/I2C.o
                0x0800166c                I2Cx_WaitFlagReset
 .text.I2Cx_Init
                0x08001698       0x70 ./src/I2C.o
                0x08001698                I2Cx_Init
 .text.I2Cx_Read
                0x08001708      0x13c ./src/I2C.o
                0x08001708                I2Cx_Read
 .text.I2Cx_IsDeviceReady
                0x08001844       0xa0 ./src/I2C.o
                0x08001844                I2Cx_IsDeviceReady
 .text.USART1_IRQHandler
                0x080018e4       0x80 ./src/main.o
                0x080018e4                USART1_IRQHandler
 .text.SystemClock_Config
                0x08001964       0x7c ./src/main.o
                0x08001964                SystemClock_Config
 .text.gpio_pin_cfg
                0x080019e0       0x30 ./src/main.o
                0x080019e0                gpio_pin_cfg
 .text.put_char
                0x08001a10       0x14 ./src/main.o
                0x08001a10                put_char
 .text.send_USART
                0x08001a24       0x48 ./src/main.o
                0x08001a24                send_USART
 .text.USART_PutString
                0x08001a6c       0x14 ./src/main.o
                0x08001a6c                USART_PutString
 .text.ParseSerialData
                0x08001a80      0x414 ./src/main.o
                0x08001a80                ParseSerialData
 .text.AMS_5310_read
                0x08001e94       0xf8 ./src/main.o
                0x08001e94                AMS_5310_read
 .text.AMS_5310_2_read
                0x08001f8c       0xe8 ./src/main.o
                0x08001f8c                AMS_5310_2_read
 .text.main     0x08002074      0x248 ./src/main.o
                0x08002074                main
 .text.NMI_Handler
                0x080022bc        0x4 ./src/stm32f1xx_it.o
                0x080022bc                NMI_Handler
 .text.HardFault_Handler
                0x080022c0        0x4 ./src/stm32f1xx_it.o
                0x080022c0                HardFault_Handler
 .text.MemManage_Handler
                0x080022c4        0x4 ./src/stm32f1xx_it.o
                0x080022c4                MemManage_Handler
 .text.BusFault_Handler
                0x080022c8        0x4 ./src/stm32f1xx_it.o
                0x080022c8                BusFault_Handler
 .text.UsageFault_Handler
                0x080022cc        0x4 ./src/stm32f1xx_it.o
                0x080022cc                UsageFault_Handler
 .text.SVC_Handler
                0x080022d0        0x4 ./src/stm32f1xx_it.o
                0x080022d0                SVC_Handler
 .text.DebugMon_Handler
                0x080022d4        0x4 ./src/stm32f1xx_it.o
                0x080022d4                DebugMon_Handler
 .text.PendSV_Handler
                0x080022d8        0x4 ./src/stm32f1xx_it.o
                0x080022d8                PendSV_Handler
 .text.SysTick_Handler
                0x080022dc        0xc ./src/stm32f1xx_it.o
                0x080022dc                SysTick_Handler
 .text.__errno  0x080022e8        0xc c:/armtc/armgcc/bin/../lib/gcc/arm-none-eabi/5.2.1/../../../../arm-none-eabi/lib/armv7-m\libg_nano.a(lib_a-errno.o)
                0x080022e8                __errno
 .text.sprintf  0x080022f4       0x48 c:/armtc/armgcc/bin/../lib/gcc/arm-none-eabi/5.2.1/../../../../arm-none-eabi/lib/armv7-m\libg_nano.a(lib_a-sprintf.o)
                0x080022f4                siprintf
                0x080022f4                sprintf
 .text          0x0800233c       0x10 c:/armtc/armgcc/bin/../lib/gcc/arm-none-eabi/5.2.1/../../../../arm-none-eabi/lib/armv7-m\libg_nano.a(lib_a-strlen.o)
                0x0800233c                strlen
 .text.__strtok_r
                0x0800234c       0x56 c:/armtc/armgcc/bin/../lib/gcc/arm-none-eabi/5.2.1/../../../../arm-none-eabi/lib/armv7-m\libg_nano.a(lib_a-strtok_r.o)
                0x0800234c                __strtok_r
 .text.strtok_r
                0x080023a2        0x6 c:/armtc/armgcc/bin/../lib/gcc/arm-none-eabi/5.2.1/../../../../arm-none-eabi/lib/armv7-m\libg_nano.a(lib_a-strtok_r.o)
                0x080023a2                strtok_r
 .text._vsnprintf_r
                0x080023a8       0x56 c:/armtc/armgcc/bin/../lib/gcc/arm-none-eabi/5.2.1/../../../../arm-none-eabi/lib/armv7-m\libg_nano.a(lib_a-vsnprintf.o)
                0x080023a8                _vsniprintf_r
                0x080023a8                _vsnprintf_r
 *fill*         0x080023fe        0x2 
 .text.vsnprintf
                0x08002400       0x1c c:/armtc/armgcc/bin/../lib/gcc/arm-none-eabi/5.2.1/../../../../arm-none-eabi/lib/armv7-m\libg_nano.a(lib_a-vsnprintf.o)
                0x08002400                vsniprintf
                0x08002400                vsnprintf
 .text.__ssputs_r
                0x0800241c       0xb2 c:/armtc/armgcc/bin/../lib/gcc/arm-none-eabi/5.2.1/../../../../arm-none-eabi/lib/armv7-m\libg_nano.a(lib_a-nano-svfprintf.o)
                0x0800241c                __ssputs_r
 *fill*         0x080024ce        0x2 
 .text._svfprintf_r
                0x080024d0      0x1e8 c:/armtc/armgcc/bin/../lib/gcc/arm-none-eabi/5.2.1/../../../../arm-none-eabi/lib/armv7-m\libg_nano.a(lib_a-nano-svfprintf.o)
                0x080024d0                _svfiprintf_r
                0x080024d0                _svfprintf_r
 .text._printf_common
                0x080026b8       0xec c:/armtc/armgcc/bin/../lib/gcc/arm-none-eabi/5.2.1/../../../../arm-none-eabi/lib/armv7-m\libg_nano.a(lib_a-nano-vfprintf_i.o)
                0x080026b8                _printf_common
 .text._printf_i
                0x080027a4      0x24c c:/armtc/armgcc/bin/../lib/gcc/arm-none-eabi/5.2.1/../../../../arm-none-eabi/lib/armv7-m\libg_nano.a(lib_a-nano-vfprintf_i.o)
                0x080027a4                _printf_i
 .text.memchr   0x080029f0       0x1c c:/armtc/armgcc/bin/../lib/gcc/arm-none-eabi/5.2.1/../../../../arm-none-eabi/lib/armv7-m\libg_nano.a(lib_a-memchr-stub.o)
                0x080029f0                memchr
 .text.memcpy   0x08002a0c       0x16 c:/armtc/armgcc/bin/../lib/gcc/arm-none-eabi/5.2.1/../../../../arm-none-eabi/lib/armv7-m\libg_nano.a(lib_a-memcpy-stub.o)
                0x08002a0c                memcpy
 .text.memmove  0x08002a22       0x36 c:/armtc/armgcc/bin/../lib/gcc/arm-none-eabi/5.2.1/../../../../arm-none-eabi/lib/armv7-m\libg_nano.a(lib_a-memmove.o)
                0x08002a22                memmove
 .text._free_r  0x08002a58       0x88 c:/armtc/armgcc/bin/../lib/gcc/arm-none-eabi/5.2.1/../../../../arm-none-eabi/lib/armv7-m\libg_nano.a(lib_a-nano-freer.o)
                0x08002a58                _free_r
 .text._malloc_r
                0x08002ae0       0xa8 c:/armtc/armgcc/bin/../lib/gcc/arm-none-eabi/5.2.1/../../../../arm-none-eabi/lib/armv7-m\libg_nano.a(lib_a-nano-mallocr.o)
                0x08002ae0                _malloc_r
 .text._realloc_r
                0x08002b88       0x4c c:/armtc/armgcc/bin/../lib/gcc/arm-none-eabi/5.2.1/../../../../arm-none-eabi/lib/armv7-m\libg_nano.a(lib_a-nano-reallocr.o)
                0x08002b88                _realloc_r
 .text._sbrk_r  0x08002bd4       0x20 c:/armtc/armgcc/bin/../lib/gcc/arm-none-eabi/5.2.1/../../../../arm-none-eabi/lib/armv7-m\libg_nano.a(lib_a-sbrkr.o)
                0x08002bd4                _sbrk_r
 .text._malloc_usable_size_r
                0x08002bf4       0x14 c:/armtc/armgcc/bin/../lib/gcc/arm-none-eabi/5.2.1/../../../../arm-none-eabi/lib/armv7-m\libg_nano.a(lib_a-nano-msizer.o)
                0x08002bf4                _malloc_usable_size_r
 *(.rodata .rodata.* .constdata .constdata.*)
 .rodata.str1.4
                0x08002c08       0x2f ./system/src/stm32f1xx/stm32f1xx_hal_cortex.o
 *fill*         0x08002c37        0x1 
 .rodata        0x08002c38       0x1c ./system/src/stm32f1xx/stm32f1xx_hal_rcc.o
 .rodata.str1.4
                0x08002c54       0x2c ./system/src/stm32f1xx/stm32f1xx_hal_rcc.o
 .rodata.str1.4
                0x08002c80       0x14 ./system/src/newlib/_exit.o
 .rodata.str1.4
                0x08002c94       0x6b ./system/src/newlib/assert.o
                                 0x6f (size before relaxing)
 *fill*         0x08002cff        0x1 
 .rodata.str1.4
                0x08002d00       0x29 ./system/src/diag/Trace.o
                                 0x2d (size before relaxing)
 *fill*         0x08002d29        0x3 
 .rodata.str1.4
                0x08002d2c      0x146 ./system/src/cortexm/exception_handlers.o
 *fill*         0x08002e72        0x2 
 .rodata.AHBPrescTable
                0x08002e74       0x10 ./system/src/cmsis/system_stm32f1xx.o
                0x08002e74                AHBPrescTable
 .rodata.str1.4
                0x08002e84       0x50 ./src/main.o
                                 0x55 (size before relaxing)
 .rodata.str1.1
                0x08002ed4        0x2 c:/armtc/armgcc/bin/../lib/gcc/arm-none-eabi/5.2.1/../../../../arm-none-eabi/lib/armv7-m\libg_nano.a(lib_a-impure.o)
 .rodata.str1.1
                0x08002ed6       0x11 c:/armtc/armgcc/bin/../lib/gcc/arm-none-eabi/5.2.1/../../../../arm-none-eabi/lib/armv7-m\libg_nano.a(lib_a-nano-svfprintf.o)
 .rodata.str1.1
                0x08002ee7       0x22 c:/armtc/armgcc/bin/../lib/gcc/arm-none-eabi/5.2.1/../../../../arm-none-eabi/lib/armv7-m\libg_nano.a(lib_a-nano-vfprintf_i.o)
 *(vtable)
 *(.eh_frame*)
 *(.glue_7)
 .glue_7        0x08002f09        0x0 linker stubs
 *(.glue_7t)
 .glue_7t       0x08002f09        0x0 linker stubs

.vfp11_veneer   0x08002f0c        0x0
 .vfp11_veneer  0x08002f0c        0x0 linker stubs

.v4_bx          0x08002f0c        0x0
 .v4_bx         0x08002f0c        0x0 linker stubs

.iplt           0x08002f0c        0x0
 .iplt          0x08002f0c        0x0 ./system/src/stm32f1xx/stm32f1xx_hal.o

.rel.dyn        0x08002f0c        0x0
 .rel.iplt      0x08002f0c        0x0 ./system/src/stm32f1xx/stm32f1xx_hal.o

.ARM.extab
 *(.ARM.extab* .gnu.linkonce.armextab.*)
                0x08002f0c                . = ALIGN (0x4)
                0x08002f0c                __exidx_start = .

.ARM.exidx
 *(.ARM.exidx* .gnu.linkonce.armexidx.*)
                0x08002f0c                __exidx_end = .
                0x08002f0c                . = ALIGN (0x4)
                0x08002f0c                _etext = .
                0x08002f0c                __etext = .

.data_CCMRAM    0x00000000        0x0 load address 0x08002f0c
 FILL mask 0xff
 *(.data.CCMRAM .data.CCMRAM.*)
                0x00000000                . = ALIGN (0x4)
                0x08002f0c                _sidata = LOADADDR (.data)

.data           0x20000000      0x144 load address 0x08002f0c
 FILL mask 0xff
                0x20000000                _sdata = .
                0x20000000                __data_start__ = .
 *(.data_begin .data_begin.*)
 .data_begin    0x20000000        0x4 ./system/src/newlib/_startup.o
 *(.data .data.*)
 .data.argv.4231
                0x20000004        0x8 ./system/src/newlib/_syscalls.o
 .data.SystemCoreClock
                0x2000000c        0x4 ./system/src/cmsis/system_stm32f1xx.o
                0x2000000c                SystemCoreClock
 .data.sine3    0x20000010       0xca ./src/main.o
 *fill*         0x200000da        0x2 ff
 .data.impure_data
                0x200000dc       0x60 c:/armtc/armgcc/bin/../lib/gcc/arm-none-eabi/5.2.1/../../../../arm-none-eabi/lib/armv7-m\libg_nano.a(lib_a-impure.o)
 .data._impure_ptr
                0x2000013c        0x4 c:/armtc/armgcc/bin/../lib/gcc/arm-none-eabi/5.2.1/../../../../arm-none-eabi/lib/armv7-m\libg_nano.a(lib_a-impure.o)
                0x2000013c                _impure_ptr
 *(.data_end .data_end.*)
 .data_end      0x20000140        0x4 ./system/src/newlib/_startup.o
                0x20000144                . = ALIGN (0x4)
                0x20000144                _edata = .
                0x20000144                __data_end__ = .

.igot.plt       0x20000144        0x0 load address 0x08003050
 .igot.plt      0x20000144        0x0 ./system/src/stm32f1xx/stm32f1xx_hal.o

.bss_CCMRAM     0x00000000        0x0
 *(.bss.CCMRAM .bss.CCMRAM.*)

.bss            0x20000144     0x1a50
                0x20000144                __bss_start__ = .
                0x20000144                _sbss = .
 *(.bss_begin .bss_begin.*)
 .bss_begin     0x20000144        0x4 ./system/src/newlib/_startup.o
 *(.bss .bss.*)
 .bss.uwTick    0x20000148        0x4 ./system/src/stm32f1xx/stm32f1xx_hal.o
 .bss.current_heap_end.3942
                0x2000014c        0x4 ./system/src/newlib/_sbrk.o
 .bss.name.4230
                0x20000150        0x1 ./system/src/newlib/_syscalls.o
 *fill*         0x20000151        0x3 
 .bss.buf.5078  0x20000154       0x80 ./system/src/diag/Trace.o
 .bss.flaga_start
                0x200001d4        0x1 ./src/main.o
                0x200001d4                flaga_start
 *fill*         0x200001d5        0x3 
 .bss.inString  0x200001d8       0x14 ./src/main.o
                0x200001d8                inString
 .bss.stringComplete
                0x200001ec        0x1 ./src/main.o
                0x200001ec                stringComplete
 .bss.indeks    0x200001ed        0x1 ./src/main.o
                0x200001ed                indeks
 *fill*         0x200001ee        0x2 
 .bss.__malloc_sbrk_start
                0x200001f0        0x4 c:/armtc/armgcc/bin/../lib/gcc/arm-none-eabi/5.2.1/../../../../arm-none-eabi/lib/armv7-m\libg_nano.a(lib_a-nano-mallocr.o)
                0x200001f0                __malloc_sbrk_start
 .bss.__malloc_free_list
                0x200001f4        0x4 c:/armtc/armgcc/bin/../lib/gcc/arm-none-eabi/5.2.1/../../../../arm-none-eabi/lib/armv7-m\libg_nano.a(lib_a-nano-mallocr.o)
                0x200001f4                __malloc_free_list
 *(COMMON)
 COMMON         0x200001f8        0x4 ./system/src/newlib/_syscalls.o
                0x200001f8                errno
 COMMON         0x200001fc     0x1994 ./src/main.o
                0x200001fc                inParse
                0x2000038c                licznik_2
                0x2000038e                flaga_stop
                0x20000390                dane_adc
                0x20000394                pomiar_ostatni_1
                0x20000398                dane2
                0x20000f50                configregister
                0x20000f52                licznik_1
                0x20000f54                inData
                0x20000fb8                voltage
                0x20000fbc                temp1
                0x20000fc0                dane_z_ads
                0x20000fc2                stat_1
                0x20000fc4                error_1
                0x20000fc5                flaga_2
                0x20000fc6                wynik_2
                0x20000fc8                pomiar_2
                0x20000fcc                licznik
                0x20000fd0                dane1
                0x20001b88                wynik_1
                0x20001b8a                stat_2
                0x20001b8c                pomiar_ostatni_2
                0x20001b8e                pomiar_1
 *(.bss_end .bss_end.*)
 .bss_end       0x20001b90        0x4 ./system/src/newlib/_startup.o
                0x20001b94                . = ALIGN (0x4)
                0x20001b94                __bss_end__ = .
                0x20001b94                _ebss = .

.noinit_CCMRAM
 *(.noinit.CCMRAM .noinit.CCMRAM.*)

.noinit         0x20001b94        0x0
                0x20001b94                _noinit = .
 *(.noinit .noinit.*)
                0x20001b94                . = ALIGN (0x4)
                0x20001b94                _end_noinit = .
                [!provide]                PROVIDE (end, _end_noinit)
                [!provide]                PROVIDE (_end, _end_noinit)
                [!provide]                PROVIDE (__end, _end_noinit)
                [!provide]                PROVIDE (__end__, _end_noinit)

._check_stack   0x20001b94      0x100
                0x20001c94                . = (. + _Minimum_Stack_Size)
 *fill*         0x20001b94      0x100 

.b1text
 *(.b1text)
 *(.b1rodata)
 *(.b1rodata.*)

.eb0text
 *(.eb0text)
 *(.eb0rodata)
 *(.eb0rodata.*)

.eb1text
 *(.eb1text)
 *(.eb1rodata)
 *(.eb1rodata.*)

.eb2text
 *(.eb2text)
 *(.eb2rodata)
 *(.eb2rodata.*)

.eb3text
 *(.eb3text)
 *(.eb3rodata)
 *(.eb3rodata.*)

.stab
 *(.stab)

.stabstr
 *(.stabstr)

.stab.excl
 *(.stab.excl)

.stab.exclstr
 *(.stab.exclstr)

.stab.index
 *(.stab.index)

.stab.indexstr
 *(.stab.indexstr)

.comment        0x00000000       0x6e
 *(.comment)
 .comment       0x00000000       0x6e ./system/src/stm32f1xx/stm32f1xx_hal.o
                                 0x6f (size before relaxing)
 .comment       0x0000006e       0x6f ./system/src/stm32f1xx/stm32f1xx_hal_cortex.o
 .comment       0x0000006e       0x6f ./system/src/stm32f1xx/stm32f1xx_hal_rcc.o
 .comment       0x0000006e       0x6f ./system/src/newlib/_exit.o
 .comment       0x0000006e       0x6f ./system/src/newlib/_sbrk.o
 .comment       0x0000006e       0x6f ./system/src/newlib/_startup.o
 .comment       0x0000006e       0x6f ./system/src/newlib/_syscalls.o
 .comment       0x0000006e       0x6f ./system/src/newlib/assert.o
 .comment       0x0000006e       0x6f ./system/src/diag/Trace.o
 .comment       0x0000006e       0x6f ./system/src/diag/trace_impl.o
 .comment       0x0000006e       0x6f ./system/src/cortexm/_initialize_hardware.o
 .comment       0x0000006e       0x6f ./system/src/cortexm/exception_handlers.o
 .comment       0x0000006e       0x6f ./system/src/cmsis/system_stm32f1xx.o
 .comment       0x0000006e       0x6f ./src/I2C.o
 .comment       0x0000006e       0x6f ./src/main.o
 .comment       0x0000006e       0x6f ./src/stm32f1xx_it.o

.ARM.attributes
                0x00000000       0x31
 .ARM.attributes
                0x00000000       0x33 ./system/src/stm32f1xx/stm32f1xx_hal.o
 .ARM.attributes
                0x00000033       0x33 ./system/src/stm32f1xx/stm32f1xx_hal_cortex.o
 .ARM.attributes
                0x00000066       0x33 ./system/src/stm32f1xx/stm32f1xx_hal_rcc.o
 .ARM.attributes
                0x00000099       0x33 ./system/src/newlib/_exit.o
 .ARM.attributes
                0x000000cc       0x33 ./system/src/newlib/_sbrk.o
 .ARM.attributes
                0x000000ff       0x33 ./system/src/newlib/_startup.o
 .ARM.attributes
                0x00000132       0x33 ./system/src/newlib/_syscalls.o
 .ARM.attributes
                0x00000165       0x33 ./system/src/newlib/assert.o
 .ARM.attributes
                0x00000198       0x33 ./system/src/diag/Trace.o
 .ARM.attributes
                0x000001cb       0x33 ./system/src/diag/trace_impl.o
 .ARM.attributes
                0x000001fe       0x33 ./system/src/cortexm/_initialize_hardware.o
 .ARM.attributes
                0x00000231       0x33 ./system/src/cortexm/exception_handlers.o
 .ARM.attributes
                0x00000264       0x21 ./system/src/cmsis/startup_stm32f105xc.o
 .ARM.attributes
                0x00000285       0x33 ./system/src/cmsis/system_stm32f1xx.o
 .ARM.attributes
                0x000002b8       0x33 ./src/I2C.o
 .ARM.attributes
                0x000002eb       0x33 ./src/main.o
 .ARM.attributes
                0x0000031e       0x33 ./src/stm32f1xx_it.o
 .ARM.attributes
                0x00000351       0x2d c:/armtc/armgcc/bin/../lib/gcc/arm-none-eabi/5.2.1/../../../../arm-none-eabi/lib/armv7-m\libg_nano.a(lib_a-errno.o)
 .ARM.attributes
                0x0000037e       0x2d c:/armtc/armgcc/bin/../lib/gcc/arm-none-eabi/5.2.1/../../../../arm-none-eabi/lib/armv7-m\libg_nano.a(lib_a-impure.o)
 .ARM.attributes
                0x000003ab       0x2d c:/armtc/armgcc/bin/../lib/gcc/arm-none-eabi/5.2.1/../../../../arm-none-eabi/lib/armv7-m\libg_nano.a(lib_a-sprintf.o)
 .ARM.attributes
                0x000003d8       0x17 c:/armtc/armgcc/bin/../lib/gcc/arm-none-eabi/5.2.1/../../../../arm-none-eabi/lib/armv7-m\libg_nano.a(lib_a-strlen.o)
 .ARM.attributes
                0x000003ef       0x2d c:/armtc/armgcc/bin/../lib/gcc/arm-none-eabi/5.2.1/../../../../arm-none-eabi/lib/armv7-m\libg_nano.a(lib_a-strtok_r.o)
 .ARM.attributes
                0x0000041c       0x2d c:/armtc/armgcc/bin/../lib/gcc/arm-none-eabi/5.2.1/../../../../arm-none-eabi/lib/armv7-m\libg_nano.a(lib_a-vsnprintf.o)
 .ARM.attributes
                0x00000449       0x2d c:/armtc/armgcc/bin/../lib/gcc/arm-none-eabi/5.2.1/../../../../arm-none-eabi/lib/armv7-m\libg_nano.a(lib_a-nano-svfprintf.o)
 .ARM.attributes
                0x00000476       0x2d c:/armtc/armgcc/bin/../lib/gcc/arm-none-eabi/5.2.1/../../../../arm-none-eabi/lib/armv7-m\libg_nano.a(lib_a-nano-vfprintf_i.o)
 .ARM.attributes
                0x000004a3       0x2d c:/armtc/armgcc/bin/../lib/gcc/arm-none-eabi/5.2.1/../../../../arm-none-eabi/lib/armv7-m\libg_nano.a(lib_a-memchr-stub.o)
 .ARM.attributes
                0x000004d0       0x2d c:/armtc/armgcc/bin/../lib/gcc/arm-none-eabi/5.2.1/../../../../arm-none-eabi/lib/armv7-m\libg_nano.a(lib_a-memcpy-stub.o)
 .ARM.attributes
                0x000004fd       0x2d c:/armtc/armgcc/bin/../lib/gcc/arm-none-eabi/5.2.1/../../../../arm-none-eabi/lib/armv7-m\libg_nano.a(lib_a-memmove.o)
 .ARM.attributes
                0x0000052a       0x2d c:/armtc/armgcc/bin/../lib/gcc/arm-none-eabi/5.2.1/../../../../arm-none-eabi/lib/armv7-m\libg_nano.a(lib_a-nano-freer.o)
 .ARM.attributes
                0x00000557       0x2d c:/armtc/armgcc/bin/../lib/gcc/arm-none-eabi/5.2.1/../../../../arm-none-eabi/lib/armv7-m\libg_nano.a(lib_a-nano-mallocr.o)
 .ARM.attributes
                0x00000584       0x2d c:/armtc/armgcc/bin/../lib/gcc/arm-none-eabi/5.2.1/../../../../arm-none-eabi/lib/armv7-m\libg_nano.a(lib_a-nano-reallocr.o)
 .ARM.attributes
                0x000005b1       0x2d c:/armtc/armgcc/bin/../lib/gcc/arm-none-eabi/5.2.1/../../../../arm-none-eabi/lib/armv7-m\libg_nano.a(lib_a-sbrkr.o)
 .ARM.attributes
                0x000005de       0x2d c:/armtc/armgcc/bin/../lib/gcc/arm-none-eabi/5.2.1/../../../../arm-none-eabi/lib/armv7-m\libg_nano.a(lib_a-nano-msizer.o)

.debug
 *(.debug)

.line
 *(.line)

.debug_srcinfo
 *(.debug_srcinfo)

.debug_sfnames
 *(.debug_sfnames)

.debug_aranges  0x00000000      0x560
 *(.debug_aranges)
 .debug_aranges
                0x00000000       0xb0 ./system/src/stm32f1xx/stm32f1xx_hal.o
 .debug_aranges
                0x000000b0       0x90 ./system/src/stm32f1xx/stm32f1xx_hal_cortex.o
 .debug_aranges
                0x00000140       0x88 ./system/src/stm32f1xx/stm32f1xx_hal_rcc.o
 .debug_aranges
                0x000001c8       0x28 ./system/src/newlib/_exit.o
 .debug_aranges
                0x000001f0       0x20 ./system/src/newlib/_sbrk.o
 .debug_aranges
                0x00000210       0x40 ./system/src/newlib/_startup.o
 .debug_aranges
                0x00000250       0x30 ./system/src/newlib/_syscalls.o
 .debug_aranges
                0x00000280       0x28 ./system/src/newlib/assert.o
 .debug_aranges
                0x000002a8       0x38 ./system/src/diag/Trace.o
 .debug_aranges
                0x000002e0       0x30 ./system/src/diag/trace_impl.o
 .debug_aranges
                0x00000310       0x28 ./system/src/cortexm/_initialize_hardware.o
 .debug_aranges
                0x00000338       0x90 ./system/src/cortexm/exception_handlers.o
 .debug_aranges
                0x000003c8       0x28 ./system/src/cmsis/startup_stm32f105xc.o
 .debug_aranges
                0x000003f0       0x28 ./system/src/cmsis/system_stm32f1xx.o
 .debug_aranges
                0x00000418       0x60 ./src/I2C.o
 .debug_aranges
                0x00000478       0x88 ./src/main.o
 .debug_aranges
                0x00000500       0x60 ./src/stm32f1xx_it.o

.debug_pubnames
 *(.debug_pubnames)

.debug_info     0x00000000     0x797e
 *(.debug_info .gnu.linkonce.wi.*)
 .debug_info    0x00000000      0x70d ./system/src/stm32f1xx/stm32f1xx_hal.o
 .debug_info    0x0000070d      0xd54 ./system/src/stm32f1xx/stm32f1xx_hal_cortex.o
 .debug_info    0x00001461     0x18d8 ./system/src/stm32f1xx/stm32f1xx_hal_rcc.o
 .debug_info    0x00002d39       0xef ./system/src/newlib/_exit.o
 .debug_info    0x00002e28      0x11f ./system/src/newlib/_sbrk.o
 .debug_info    0x00002f47      0x454 ./system/src/newlib/_startup.o
 .debug_info    0x0000339b      0x1bc ./system/src/newlib/_syscalls.o
 .debug_info    0x00003557      0x1a3 ./system/src/newlib/assert.o
 .debug_info    0x000036fa      0x2e7 ./system/src/diag/Trace.o
 .debug_info    0x000039e1      0x30a ./system/src/diag/trace_impl.o
 .debug_info    0x00003ceb      0x29c ./system/src/cortexm/_initialize_hardware.o
 .debug_info    0x00003f87      0x8d0 ./system/src/cortexm/exception_handlers.o
 .debug_info    0x00004857       0x76 ./system/src/cmsis/startup_stm32f105xc.o
 .debug_info    0x000048cd      0x3e3 ./system/src/cmsis/system_stm32f1xx.o
 .debug_info    0x00004cb0      0x94f ./src/I2C.o
 .debug_info    0x000055ff     0x2216 ./src/main.o
 .debug_info    0x00007815      0x169 ./src/stm32f1xx_it.o

.debug_abbrev   0x00000000     0x199e
 *(.debug_abbrev)
 .debug_abbrev  0x00000000      0x21f ./system/src/stm32f1xx/stm32f1xx_hal.o
 .debug_abbrev  0x0000021f      0x2d4 ./system/src/stm32f1xx/stm32f1xx_hal_cortex.o
 .debug_abbrev  0x000004f3      0x278 ./system/src/stm32f1xx/stm32f1xx_hal_rcc.o
 .debug_abbrev  0x0000076b       0x8e ./system/src/newlib/_exit.o
 .debug_abbrev  0x000007f9       0xb9 ./system/src/newlib/_sbrk.o
 .debug_abbrev  0x000008b2      0x1ac ./system/src/newlib/_startup.o
 .debug_abbrev  0x00000a5e       0xec ./system/src/newlib/_syscalls.o
 .debug_abbrev  0x00000b4a       0xab ./system/src/newlib/assert.o
 .debug_abbrev  0x00000bf5      0x156 ./system/src/diag/Trace.o
 .debug_abbrev  0x00000d4b      0x1c8 ./system/src/diag/trace_impl.o
 .debug_abbrev  0x00000f13       0xea ./system/src/cortexm/_initialize_hardware.o
 .debug_abbrev  0x00000ffd      0x247 ./system/src/cortexm/exception_handlers.o
 .debug_abbrev  0x00001244       0x12 ./system/src/cmsis/startup_stm32f105xc.o
 .debug_abbrev  0x00001256      0x104 ./system/src/cmsis/system_stm32f1xx.o
 .debug_abbrev  0x0000135a      0x218 ./src/I2C.o
 .debug_abbrev  0x00001572      0x371 ./src/main.o
 .debug_abbrev  0x000018e3       0xbb ./src/stm32f1xx_it.o

.debug_line     0x00000000     0x48b8
 *(.debug_line)
 .debug_line    0x00000000      0x624 ./system/src/stm32f1xx/stm32f1xx_hal.o
 .debug_line    0x00000624      0x68f ./system/src/stm32f1xx/stm32f1xx_hal_cortex.o
 .debug_line    0x00000cb3      0xc54 ./system/src/stm32f1xx/stm32f1xx_hal_rcc.o
 .debug_line    0x00001907      0x26a ./system/src/newlib/_exit.o
 .debug_line    0x00001b71      0x21c ./system/src/newlib/_sbrk.o
 .debug_line    0x00001d8d      0x2d2 ./system/src/newlib/_startup.o
 .debug_line    0x0000205f      0x2f6 ./system/src/newlib/_syscalls.o
 .debug_line    0x00002355      0x2a5 ./system/src/newlib/assert.o
 .debug_line    0x000025fa      0x2c9 ./system/src/diag/Trace.o
 .debug_line    0x000028c3      0x384 ./system/src/diag/trace_impl.o
 .debug_line    0x00002c47      0x17e ./system/src/cortexm/_initialize_hardware.o
 .debug_line    0x00002dc5      0x421 ./system/src/cortexm/exception_handlers.o
 .debug_line    0x000031e6       0x87 ./system/src/cmsis/startup_stm32f105xc.o
 .debug_line    0x0000326d      0x18c ./system/src/cmsis/system_stm32f1xx.o
 .debug_line    0x000033f9      0x69d ./src/I2C.o
 .debug_line    0x00003a96      0x8d2 ./src/main.o
 .debug_line    0x00004368      0x550 ./src/stm32f1xx_it.o

.debug_frame    0x00000000      0xf0c
 *(.debug_frame)
 .debug_frame   0x00000000      0x168 ./system/src/stm32f1xx/stm32f1xx_hal.o
 .debug_frame   0x00000168      0x144 ./system/src/stm32f1xx/stm32f1xx_hal_cortex.o
 .debug_frame   0x000002ac      0x168 ./system/src/stm32f1xx/stm32f1xx_hal_rcc.o
 .debug_frame   0x00000414       0x38 ./system/src/newlib/_exit.o
 .debug_frame   0x0000044c       0x28 ./system/src/newlib/_sbrk.o
 .debug_frame   0x00000474       0x7c ./system/src/newlib/_startup.o
 .debug_frame   0x000004f0       0x50 ./system/src/newlib/_syscalls.o
 .debug_frame   0x00000540       0x40 ./system/src/newlib/assert.o
 .debug_frame   0x00000580       0x94 ./system/src/diag/Trace.o
 .debug_frame   0x00000614       0x60 ./system/src/diag/trace_impl.o
 .debug_frame   0x00000674       0x40 ./system/src/cortexm/_initialize_hardware.o
 .debug_frame   0x000006b4      0x158 ./system/src/cortexm/exception_handlers.o
 .debug_frame   0x0000080c       0x3c ./system/src/cmsis/system_stm32f1xx.o
 .debug_frame   0x00000848      0x11c ./src/I2C.o
 .debug_frame   0x00000964      0x1a0 ./src/main.o
 .debug_frame   0x00000b04       0xa8 ./src/stm32f1xx_it.o
 .debug_frame   0x00000bac       0x20 c:/armtc/armgcc/bin/../lib/gcc/arm-none-eabi/5.2.1/../../../../arm-none-eabi/lib/armv7-m\libg_nano.a(lib_a-errno.o)
 .debug_frame   0x00000bcc       0x70 c:/armtc/armgcc/bin/../lib/gcc/arm-none-eabi/5.2.1/../../../../arm-none-eabi/lib/armv7-m\libg_nano.a(lib_a-sprintf.o)
 .debug_frame   0x00000c3c       0x40 c:/armtc/armgcc/bin/../lib/gcc/arm-none-eabi/5.2.1/../../../../arm-none-eabi/lib/armv7-m\libg_nano.a(lib_a-strtok_r.o)
 .debug_frame   0x00000c7c       0x48 c:/armtc/armgcc/bin/../lib/gcc/arm-none-eabi/5.2.1/../../../../arm-none-eabi/lib/armv7-m\libg_nano.a(lib_a-vsnprintf.o)
 .debug_frame   0x00000cc4       0x90 c:/armtc/armgcc/bin/../lib/gcc/arm-none-eabi/5.2.1/../../../../arm-none-eabi/lib/armv7-m\libg_nano.a(lib_a-nano-svfprintf.o)
 .debug_frame   0x00000d54       0x60 c:/armtc/armgcc/bin/../lib/gcc/arm-none-eabi/5.2.1/../../../../arm-none-eabi/lib/armv7-m\libg_nano.a(lib_a-nano-vfprintf_i.o)
 .debug_frame   0x00000db4       0x28 c:/armtc/armgcc/bin/../lib/gcc/arm-none-eabi/5.2.1/../../../../arm-none-eabi/lib/armv7-m\libg_nano.a(lib_a-memchr-stub.o)
 .debug_frame   0x00000ddc       0x28 c:/armtc/armgcc/bin/../lib/gcc/arm-none-eabi/5.2.1/../../../../arm-none-eabi/lib/armv7-m\libg_nano.a(lib_a-memcpy-stub.o)
 .debug_frame   0x00000e04       0x28 c:/armtc/armgcc/bin/../lib/gcc/arm-none-eabi/5.2.1/../../../../arm-none-eabi/lib/armv7-m\libg_nano.a(lib_a-memmove.o)
 .debug_frame   0x00000e2c       0x2c c:/armtc/armgcc/bin/../lib/gcc/arm-none-eabi/5.2.1/../../../../arm-none-eabi/lib/armv7-m\libg_nano.a(lib_a-nano-freer.o)
 .debug_frame   0x00000e58       0x2c c:/armtc/armgcc/bin/../lib/gcc/arm-none-eabi/5.2.1/../../../../arm-none-eabi/lib/armv7-m\libg_nano.a(lib_a-nano-mallocr.o)
 .debug_frame   0x00000e84       0x3c c:/armtc/armgcc/bin/../lib/gcc/arm-none-eabi/5.2.1/../../../../arm-none-eabi/lib/armv7-m\libg_nano.a(lib_a-nano-reallocr.o)
 .debug_frame   0x00000ec0       0x2c c:/armtc/armgcc/bin/../lib/gcc/arm-none-eabi/5.2.1/../../../../arm-none-eabi/lib/armv7-m\libg_nano.a(lib_a-sbrkr.o)
 .debug_frame   0x00000eec       0x20 c:/armtc/armgcc/bin/../lib/gcc/arm-none-eabi/5.2.1/../../../../arm-none-eabi/lib/armv7-m\libg_nano.a(lib_a-nano-msizer.o)

.debug_str      0x00000000    0xb15ed
 *(.debug_str)
 .debug_str     0x00000000    0xad320 ./system/src/stm32f1xx/stm32f1xx_hal.o
                              0xad827 (size before relaxing)
 .debug_str     0x000ad320      0x2d1 ./system/src/stm32f1xx/stm32f1xx_hal_cortex.o
                              0xad825 (size before relaxing)
 .debug_str     0x000ad5f1      0x47d ./system/src/stm32f1xx/stm32f1xx_hal_rcc.o
                              0xad5ff (size before relaxing)
 .debug_str     0x000ada6e     0x1090 ./system/src/newlib/_exit.o
                               0x69c8 (size before relaxing)
 .debug_str     0x000aeafe      0x4de ./system/src/newlib/_sbrk.o
                               0x5dd9 (size before relaxing)
 .debug_str     0x000aefdc      0x266 ./system/src/newlib/_startup.o
                               0x5974 (size before relaxing)
 .debug_str     0x000af242      0xe06 ./system/src/newlib/_syscalls.o
                               0x6c21 (size before relaxing)
 .debug_str     0x000b0048       0xd5 ./system/src/newlib/assert.o
                               0x74d1 (size before relaxing)
 .debug_str     0x000b011d      0x17b ./system/src/diag/Trace.o
                               0x72d8 (size before relaxing)
 .debug_str     0x000b0298      0x37b ./system/src/diag/trace_impl.o
                              0x8110a (size before relaxing)
 .debug_str     0x000b0613       0x5e ./system/src/cortexm/_initialize_hardware.o
                              0x7d7bc (size before relaxing)
 .debug_str     0x000b0671      0x19d ./system/src/cortexm/exception_handlers.o
                              0x81ee5 (size before relaxing)
 .debug_str     0x000b080e       0x80 ./system/src/cmsis/system_stm32f1xx.o
                              0x7d84b (size before relaxing)
 .debug_str     0x000b088e      0x438 ./src/I2C.o
                              0xad4a6 (size before relaxing)
 .debug_str     0x000b0cc6      0x8ff ./src/main.o
                              0xae53f (size before relaxing)
 .debug_str     0x000b15c5       0x28 ./src/stm32f1xx_it.o
                              0xad0ea (size before relaxing)

.debug_loc      0x00000000     0x2720
 *(.debug_loc)
 .debug_loc     0x00000000       0x81 ./system/src/stm32f1xx/stm32f1xx_hal.o
 .debug_loc     0x00000081      0x58c ./system/src/stm32f1xx/stm32f1xx_hal_cortex.o
 .debug_loc     0x0000060d      0xa9c ./system/src/stm32f1xx/stm32f1xx_hal_rcc.o
 .debug_loc     0x000010a9       0x82 ./system/src/newlib/_sbrk.o
 .debug_loc     0x0000112b      0x265 ./system/src/newlib/_startup.o
 .debug_loc     0x00001390       0x63 ./system/src/newlib/_syscalls.o
 .debug_loc     0x000013f3      0x110 ./system/src/newlib/assert.o
 .debug_loc     0x00001503      0x102 ./system/src/diag/Trace.o
 .debug_loc     0x00001605      0x17c ./system/src/diag/trace_impl.o
 .debug_loc     0x00001781      0x2a8 ./system/src/cortexm/exception_handlers.o
 .debug_loc     0x00001a29      0x1a1 ./system/src/cmsis/system_stm32f1xx.o
 .debug_loc     0x00001bca      0x6a5 ./src/I2C.o
 .debug_loc     0x0000226f      0x4b1 ./src/main.o

.debug_macinfo
 *(.debug_macinfo)

.debug_weaknames
 *(.debug_weaknames)

.debug_funcnames
 *(.debug_funcnames)

.debug_typenames
 *(.debug_typenames)

.debug_varnames
 *(.debug_varnames)
OUTPUT(F105.elf elf32-littlearm)

.debug_ranges   0x00000000      0x4a0
 .debug_ranges  0x00000000       0xa0 ./system/src/stm32f1xx/stm32f1xx_hal.o
 .debug_ranges  0x000000a0       0x80 ./system/src/stm32f1xx/stm32f1xx_hal_cortex.o
 .debug_ranges  0x00000120       0x78 ./system/src/stm32f1xx/stm32f1xx_hal_rcc.o
 .debug_ranges  0x00000198       0x18 ./system/src/newlib/_exit.o
 .debug_ranges  0x000001b0       0x10 ./system/src/newlib/_sbrk.o
 .debug_ranges  0x000001c0       0x48 ./system/src/newlib/_startup.o
 .debug_ranges  0x00000208       0x20 ./system/src/newlib/_syscalls.o
 .debug_ranges  0x00000228       0x18 ./system/src/newlib/assert.o
 .debug_ranges  0x00000240       0x28 ./system/src/diag/Trace.o
 .debug_ranges  0x00000268       0x38 ./system/src/diag/trace_impl.o
 .debug_ranges  0x000002a0       0x18 ./system/src/cortexm/_initialize_hardware.o
 .debug_ranges  0x000002b8       0x98 ./system/src/cortexm/exception_handlers.o
 .debug_ranges  0x00000350       0x20 ./system/src/cmsis/startup_stm32f105xc.o
 .debug_ranges  0x00000370       0x18 ./system/src/cmsis/system_stm32f1xx.o
 .debug_ranges  0x00000388       0x50 ./src/I2C.o
 .debug_ranges  0x000003d8       0x78 ./src/main.o
 .debug_ranges  0x00000450       0x50 ./src/stm32f1xx_it.o

.debug_macro    0x00000000    0x1fcbd
 .debug_macro   0x00000000      0x2ab ./system/src/stm32f1xx/stm32f1xx_hal.o
 .debug_macro   0x000002ab      0x892 ./system/src/stm32f1xx/stm32f1xx_hal.o
 .debug_macro   0x00000b3d      0x18c ./system/src/stm32f1xx/stm32f1xx_hal.o
 .debug_macro   0x00000cc9       0x2e ./system/src/stm32f1xx/stm32f1xx_hal.o
 .debug_macro   0x00000cf7       0x22 ./system/src/stm32f1xx/stm32f1xx_hal.o
 .debug_macro   0x00000d19      0x34e ./system/src/stm32f1xx/stm32f1xx_hal.o
 .debug_macro   0x00001067       0x34 ./system/src/stm32f1xx/stm32f1xx_hal.o
 .debug_macro   0x0000109b       0x34 ./system/src/stm32f1xx/stm32f1xx_hal.o
 .debug_macro   0x000010cf      0xb8e ./system/src/stm32f1xx/stm32f1xx_hal.o
 .debug_macro   0x00001c5d    0x15a92 ./system/src/stm32f1xx/stm32f1xx_hal.o
 .debug_macro   0x000176ef       0x43 ./system/src/stm32f1xx/stm32f1xx_hal.o
 .debug_macro   0x00017732     0x3383 ./system/src/stm32f1xx/stm32f1xx_hal.o
 .debug_macro   0x0001aab5       0x58 ./system/src/stm32f1xx/stm32f1xx_hal.o
 .debug_macro   0x0001ab0d       0x22 ./system/src/stm32f1xx/stm32f1xx_hal.o
 .debug_macro   0x0001ab2f       0x35 ./system/src/stm32f1xx/stm32f1xx_hal.o
 .debug_macro   0x0001ab64       0x9c ./system/src/stm32f1xx/stm32f1xx_hal.o
 .debug_macro   0x0001ac00       0x16 ./system/src/stm32f1xx/stm32f1xx_hal.o
 .debug_macro   0x0001ac16       0x4a ./system/src/stm32f1xx/stm32f1xx_hal.o
 .debug_macro   0x0001ac60       0x97 ./system/src/stm32f1xx/stm32f1xx_hal.o
 .debug_macro   0x0001acf7      0x329 ./system/src/stm32f1xx/stm32f1xx_hal.o
 .debug_macro   0x0001b020       0xfd ./system/src/stm32f1xx/stm32f1xx_hal.o
 .debug_macro   0x0001b11d       0x10 ./system/src/stm32f1xx/stm32f1xx_hal.o
 .debug_macro   0x0001b12d       0x52 ./system/src/stm32f1xx/stm32f1xx_hal.o
 .debug_macro   0x0001b17f       0x16 ./system/src/stm32f1xx/stm32f1xx_hal.o
 .debug_macro   0x0001b195       0x43 ./system/src/stm32f1xx/stm32f1xx_hal.o
 .debug_macro   0x0001b1d8      0x187 ./system/src/stm32f1xx/stm32f1xx_hal.o
 .debug_macro   0x0001b35f       0x10 ./system/src/stm32f1xx/stm32f1xx_hal.o
 .debug_macro   0x0001b36f       0x22 ./system/src/stm32f1xx/stm32f1xx_hal.o
 .debug_macro   0x0001b391       0x22 ./system/src/stm32f1xx/stm32f1xx_hal.o
 .debug_macro   0x0001b3b3       0x3a ./system/src/stm32f1xx/stm32f1xx_hal.o
 .debug_macro   0x0001b3ed       0x10 ./system/src/stm32f1xx/stm32f1xx_hal.o
 .debug_macro   0x0001b3fd       0x40 ./system/src/stm32f1xx/stm32f1xx_hal.o
 .debug_macro   0x0001b43d       0x65 ./system/src/stm32f1xx/stm32f1xx_hal.o
 .debug_macro   0x0001b4a2       0x16 ./system/src/stm32f1xx/stm32f1xx_hal.o
 .debug_macro   0x0001b4b8      0x197 ./system/src/stm32f1xx/stm32f1xx_hal.o
 .debug_macro   0x0001b64f       0x57 ./system/src/stm32f1xx/stm32f1xx_hal.o
 .debug_macro   0x0001b6a6      0x778 ./system/src/stm32f1xx/stm32f1xx_hal.o
 .debug_macro   0x0001be1e      0x649 ./system/src/stm32f1xx/stm32f1xx_hal.o
 .debug_macro   0x0001c467      0x141 ./system/src/stm32f1xx/stm32f1xx_hal.o
 .debug_macro   0x0001c5a8      0x1f9 ./system/src/stm32f1xx/stm32f1xx_hal.o
 .debug_macro   0x0001c7a1      0x1ae ./system/src/stm32f1xx/stm32f1xx_hal.o
 .debug_macro   0x0001c94f       0x2a ./system/src/stm32f1xx/stm32f1xx_hal.o
 .debug_macro   0x0001c979       0x3c ./system/src/stm32f1xx/stm32f1xx_hal.o
 .debug_macro   0x0001c9b5       0x57 ./system/src/stm32f1xx/stm32f1xx_hal.o
 .debug_macro   0x0001ca0c       0x8c ./system/src/stm32f1xx/stm32f1xx_hal.o
 .debug_macro   0x0001ca98      0x250 ./system/src/stm32f1xx/stm32f1xx_hal.o
 .debug_macro   0x0001cce8      0x225 ./system/src/stm32f1xx/stm32f1xx_hal.o
 .debug_macro   0x0001cf0d      0x143 ./system/src/stm32f1xx/stm32f1xx_hal.o
 .debug_macro   0x0001d050      0x256 ./system/src/stm32f1xx/stm32f1xx_hal.o
 .debug_macro   0x0001d2a6       0xd8 ./system/src/stm32f1xx/stm32f1xx_hal.o
 .debug_macro   0x0001d37e      0x287 ./system/src/stm32f1xx/stm32f1xx_hal_cortex.o
 .debug_macro   0x0001d605      0x2ab ./system/src/stm32f1xx/stm32f1xx_hal_rcc.o
 .debug_macro   0x0001d8b0      0x172 ./system/src/newlib/_exit.o
 .debug_macro   0x0001da22      0x10e ./system/src/newlib/_exit.o
 .debug_macro   0x0001db30       0x8d ./system/src/newlib/_exit.o
 .debug_macro   0x0001dbbd       0x35 ./system/src/newlib/_exit.o
 .debug_macro   0x0001dbf2      0x12e ./system/src/newlib/_sbrk.o
 .debug_macro   0x0001dd20      0x174 ./system/src/newlib/_sbrk.o
 .debug_macro   0x0001de94       0x10 ./system/src/newlib/_sbrk.o
 .debug_macro   0x0001dea4      0x23b ./system/src/newlib/_sbrk.o
 .debug_macro   0x0001e0df      0x138 ./system/src/newlib/_startup.o
 .debug_macro   0x0001e217      0x1c6 ./system/src/newlib/_syscalls.o
 .debug_macro   0x0001e3dd       0x1c ./system/src/newlib/_syscalls.o
 .debug_macro   0x0001e3f9       0x10 ./system/src/newlib/_syscalls.o
 .debug_macro   0x0001e409       0x10 ./system/src/newlib/_syscalls.o
 .debug_macro   0x0001e419       0x10 ./system/src/newlib/_syscalls.o
 .debug_macro   0x0001e429       0x35 ./system/src/newlib/_syscalls.o
 .debug_macro   0x0001e45e      0x122 ./system/src/newlib/_syscalls.o
 .debug_macro   0x0001e580       0x88 ./system/src/newlib/_syscalls.o
 .debug_macro   0x0001e608       0x2b ./system/src/newlib/_syscalls.o
 .debug_macro   0x0001e633      0x118 ./system/src/newlib/_syscalls.o
 .debug_macro   0x0001e74b      0x159 ./system/src/newlib/_syscalls.o
 .debug_macro   0x0001e8a4       0x16 ./system/src/newlib/_syscalls.o
 .debug_macro   0x0001e8ba      0x18e ./system/src/newlib/assert.o
 .debug_macro   0x0001ea48       0x1c ./system/src/newlib/assert.o
 .debug_macro   0x0001ea64      0x19f ./system/src/diag/Trace.o
 .debug_macro   0x0001ec03       0x52 ./system/src/diag/Trace.o
 .debug_macro   0x0001ec55       0x16 ./system/src/diag/Trace.o
 .debug_macro   0x0001ec6b      0x1be ./system/src/diag/trace_impl.o
 .debug_macro   0x0001ee29       0x10 ./system/src/diag/trace_impl.o
 .debug_macro   0x0001ee39       0xcf ./system/src/diag/trace_impl.o
 .debug_macro   0x0001ef08       0x19 ./system/src/diag/trace_impl.o
 .debug_macro   0x0001ef21       0xbe ./system/src/diag/trace_impl.o
 .debug_macro   0x0001efdf       0x22 ./system/src/diag/trace_impl.o
 .debug_macro   0x0001f001       0x8a ./system/src/cortexm/_initialize_hardware.o
 .debug_macro   0x0001f08b      0x1f4 ./system/src/cortexm/exception_handlers.o
 .debug_macro   0x0001f27f       0x3a ./system/src/cortexm/exception_handlers.o
 .debug_macro   0x0001f2b9       0x10 ./system/src/cortexm/exception_handlers.o
 .debug_macro   0x0001f2c9       0x8c ./system/src/cmsis/system_stm32f1xx.o
 .debug_macro   0x0001f355      0x296 ./src/I2C.o
 .debug_macro   0x0001f5eb       0x8e ./src/I2C.o
 .debug_macro   0x0001f679      0x31f ./src/main.o
 .debug_macro   0x0001f998       0x94 ./src/main.o
 .debug_macro   0x0001fa2c      0x291 ./src/stm32f1xx_it.o
